php : PHP Warning:  Module "ftp" is already 
loaded in Unknown on line 0
At line:1 char:1
+ php tests/manual_test_attendance.php > 
test_output.log 2>&1
+ ~~~~~~~~~~~~~~~~~~~~~~~~~~~~~~~~~~~~~~~~~~~~~~
~~~~~~~~~~~~~
    + CategoryInfo          : NotSpecified: (PH 
   P Warning:  M...known on line 0:String) [],  
   RemoteException
    + FullyQualifiedErrorId : NativeCommandErro 
   r
 

Warning: Module "ftp" is already loaded in Unknown on line 0
--- Starting Manual Verification ---
[OK] Supervisor created: ID 54
[OK] User created: ID 55
[OK] Pilgrim profile created: ID 39
[INFO] Using existing Trip: ID 1
[ERROR] Exception: SQLSTATE[01000]: Warning: 1265 Data truncated for column 'status_type' at row 1 (Connection: mysql, Host: 127.0.0.1, Port: 3306, Database: nusuk_db, SQL: insert into `attendance_tracking` (`pilgrim_id`, `trip_id`, `status_type`, `timestamp`, `supervisor_id`, `supervisor_note`) values (39, 1, check_in, 2026-01-24 21:33:23, 54, Manual verification test))
#0 C:\Users\admin\Downloads\NUSUK\vendor\laravel\framework\src\Illuminate\Database\Connection.php(787): Illuminate\Database\Connection->runQueryCallback('insert into `at...', Array, Object(Closure))
#1 C:\Users\admin\Downloads\NUSUK\vendor\laravel\framework\src\Illuminate\Database\MySqlConnection.php(42): Illuminate\Database\Connection->run('insert into `at...', Array, Object(Closure))
#2 C:\Users\admin\Downloads\NUSUK\vendor\laravel\framework\src\Illuminate\Database\Query\Processors\MySqlProcessor.php(35): Illuminate\Database\MySqlConnection->insert('insert into `at...', Array, 'attendance_id')
#3 C:\Users\admin\Downloads\NUSUK\vendor\laravel\framework\src\Illuminate\Database\Query\Builder.php(3897): Illuminate\Database\Query\Processors\MySqlProcessor->processInsertGetId(Object(Illuminate\Database\Query\Builder), 'insert into `at...', Array, 'attendance_id')
#4 C:\Users\admin\Downloads\NUSUK\vendor\laravel\framework\src\Illuminate\Database\Eloquent\Builder.php(2235): Illuminate\Database\Query\Builder->insertGetId(Array, 'attendance_id')
#5 C:\Users\admin\Downloads\NUSUK\vendor\laravel\framework\src\Illuminate\Database\Eloquent\Model.php(1436): Illuminate\Database\Eloquent\Builder->__call('insertGetId', Array)
#6 C:\Users\admin\Downloads\NUSUK\vendor\laravel\framework\src\Illuminate\Database\Eloquent\Model.php(1401): Illuminate\Database\Eloquent\Model->insertAndSetId(Object(Illuminate\Database\Eloquent\Builder), Array)
#7 C:\Users\admin\Downloads\NUSUK\vendor\laravel\framework\src\Illuminate\Database\Eloquent\Model.php(1240): Illuminate\Database\Eloquent\Model->performInsert(Object(Illuminate\Database\Eloquent\Builder))
#8 C:\Users\admin\Downloads\NUSUK\vendor\laravel\framework\src\Illuminate\Database\Eloquent\Builder.php(1219): Illuminate\Database\Eloquent\Model->save()
#9 C:\Users\admin\Downloads\NUSUK\vendor\laravel\framework\src\Illuminate\Support\helpers.php(390): Illuminate\Database\Eloquent\Builder->Illuminate\Database\Eloquent\{closure}(Object(App\Models\AttendanceTracking))
#10 C:\Users\admin\Downloads\NUSUK\vendor\laravel\framework\src\Illuminate\Database\Eloquent\Builder.php(1218): tap(Object(App\Models\AttendanceTracking), Object(Closure))
#11 C:\Users\admin\Downloads\NUSUK\vendor\laravel\framework\src\Illuminate\Support\Traits\ForwardsCalls.php(23): Illuminate\Database\Eloquent\Builder->create(Array)
#12 C:\Users\admin\Downloads\NUSUK\vendor\laravel\framework\src\Illuminate\Database\Eloquent\Model.php(2540): Illuminate\Database\Eloquent\Model->forwardCallTo(Object(Illuminate\Database\Eloquent\Builder), 'create', Array)
#13 C:\Users\admin\Downloads\NUSUK\vendor\laravel\framework\src\Illuminate\Database\Eloquent\Model.php(2556): Illuminate\Database\Eloquent\Model->__call('create', Array)
#14 C:\Users\admin\Downloads\NUSUK\tests\manual_test_attendance.php(68): Illuminate\Database\Eloquent\Model::__callStatic('create', Array)
#15 {main}

--- Test Complete (Rolled Back) ---
